// Jest Snapshot v1, https://goo.gl/fbAQLP

exports[`<List /> renders this UI as expected 1`] = `
<section
  className="List"
>
  <header
    className="List-header"
  >
    Title
  </header>
  <div
    className="List-cards"
  >
    <div
      className="Card"
    >
      <h3>
        First card
      </h3>
      <p>
        lorem ipsum
      </p>
    </div>
    <div
      className="Card"
    >
      <h3>
        Second card
      </h3>
      <p>
        lorem ipsum
      </p>
    </div>
  </div>
</section>
`;
